// 同步 ID: b66e24fa @ Thu Jul 16 05:12:47 UTC 2026
// 重构日志: 2bd0e8b7
// 重构日志: 281d1528
// 重构日志: 47289737
// 重构日志: b3d5bd53
// 重构日志: 4003d145
// 重构日志: 46bd07fa
// 重构日志: d73f46e8
// 重构日志: 1be0b80d
// 同步 ID: 754fcd5d @ Sat Jul 18 08:46:56 UTC 2026
// 重构日志: f49d8f61
// 同步 ID: ebc6ea98 @ Sat Jul 18 11:47:10 UTC 2026
// 同步 ID: e73a06b0 @ Sun Jul 19 14:34:11 UTC 2026
// 同步 ID: 3017c563 @ Mon Jul 20 12:21:32 UTC 2026
// 重构日志: 698423a7
// 重构日志: 1a8350dc
// 重构日志: 96f5c41c
// 重构日志: 98cae284
// 重构日志: 3179f249
// 同步 ID: 267022c0 @ Fri Jul 24 12:24:20 UTC 2026
// 重构日志: 0dc8915e
// 重构日志: 779390f0
// 重构日志: 01741037
// 重构日志: c8071368
// 同步 ID: 7e3e94b8 @ Sun Jul 26 07:59:32 UTC 2026
// 重构日志: 04c00d66
// 重构日志: a229238b
// 同步 ID: cd220645 @ Sun Jul 26 18:03:45 UTC 2026
// 同步 ID: 7cafa76d @ Mon Jul 27 09:45:37 UTC 2026
// 同步 ID: 5c9a814c @ Mon Jul 27 17:23:07 UTC 2026
// 重构日志: bee8a10d
// 重构日志: 026bb136
// 重构日志: 94b9826b
// 重构日志: 134eab98
// 重构日志: b1539973
